// 同步 ID: 8064e7fb @ Wed Jul 15 18:07:24 UTC 2026
// 重构日志: ae648f42
// 重构日志: 977a7601
// 重构日志: 4d02eaaf
// 重构日志: 2f3a8f35
// 同步 ID: f8902aa3 @ Sat Jul 18 06:53:00 UTC 2026
// 重构日志: 63faca9e
// 同步 ID: 9ffbd65f @ Wed Jul 22 16:36:24 UTC 2026
// 同步 ID: f9a8dd8b @ Fri Jul 24 13:27:09 UTC 2026
// 同步 ID: 0ded3d97 @ Sat Jul 25 00:08:55 UTC 2026
// 重构日志: 45a2d005
// 重构日志: f70d9786
// 重构日志: d15da001
// 重构日志: 7b10f8ec
// 重构日志: e6a93ec3
// 重构日志: 9bbb8a55
// 重构日志: 24223bec
// 同步 ID: b0428735 @ Fri Jul 31 17:12:07 UTC 2026
// 重构日志: fb395a65
// 同步 ID: eb6a0555 @ Sat Aug  1 13:13:26 UTC 2026
// 重构日志: 6cffd13a
// 重构日志: f6aaa9ad
// 同步 ID: 30e4b56e @ Fri Aug  7 15:13:32 UTC 2026
// 重构日志: e1393426
